>var.a != "" ? var.a : "default-a"
#^^^ source.hcl
#   ^ source.hcl keyword.operator.accessor.hcl
#    ^ source.hcl variable.other.member.hcl
#     ^ source.hcl
#      ^^ source.hcl keyword.operator.hcl
#        ^ source.hcl
#         ^ source.hcl string.quoted.double.hcl punctuation.definition.string.begin.hcl
#          ^ source.hcl string.quoted.double.hcl punctuation.definition.string.end.hcl
#           ^ source.hcl
#            ^ source.hcl keyword.operator.hcl
#             ^^^^ source.hcl
#                 ^ source.hcl keyword.operator.accessor.hcl
#                  ^ source.hcl variable.other.member.hcl
#                   ^ source.hcl
#                    ^ source.hcl
#                     ^ source.hcl
#                      ^ source.hcl string.quoted.double.hcl punctuation.definition.string.begin.hcl
#                       ^^^^^^^^^ source.hcl string.quoted.double.hcl
#                                ^ source.hcl string.quoted.double.hcl punctuation.definition.string.end.hcl
>var.example ? tostring(12) : "hello"
#^^^ source.hcl
#   ^ source.hcl keyword.operator.accessor.hcl
#    ^^^^^^^ source.hcl variable.other.member.hcl
#           ^ source.hcl
#            ^ source.hcl keyword.operator.hcl
#             ^ source.hcl
#              ^^^^^^^^ source.hcl meta.function-call.hcl variable.function.hcl
#                      ^ source.hcl meta.function-call.hcl punctuation.section.parens.begin.hcl
#                       ^^ source.hcl meta.function-call.hcl constant.numeric.integer.hcl
#                         ^ source.hcl meta.function-call.hcl punctuation.section.parens.end.hcl
#                          ^ source.hcl
#                           ^ source.hcl
#                            ^ source.hcl
#                             ^ source.hcl string.quoted.double.hcl punctuation.definition.string.begin.hcl
#                              ^^^^^ source.hcl string.quoted.double.hcl
#                                   ^ source.hcl string.quoted.double.hcl punctuation.definition.string.end.hcl
>var.example ? 12 : "hello"
#^^^ source.hcl
#   ^ source.hcl keyword.operator.accessor.hcl
#    ^^^^^^^ source.hcl variable.other.member.hcl
#           ^ source.hcl
#            ^ source.hcl keyword.operator.hcl
#             ^ source.hcl
#              ^^ source.hcl constant.numeric.integer.hcl
#                ^ source.hcl
#                 ^ source.hcl
#                  ^ source.hcl
#                   ^ source.hcl string.quoted.double.hcl punctuation.definition.string.begin.hcl
#                    ^^^^^ source.hcl string.quoted.double.hcl
#                         ^ source.hcl string.quoted.double.hcl punctuation.definition.string.end.hcl
>