>post-processor "foo" {}
#^^^^^^^^^^^^^^ source.hcl meta.block.hcl entity.name.type.hcl
#              ^ source.hcl meta.block.hcl
#               ^^^^^ source.hcl meta.block.hcl variable.other.enummember.hcl
#                    ^ source.hcl meta.block.hcl
#                     ^ source.hcl meta.block.hcl punctuation.section.block.begin.hcl
#                      ^ source.hcl meta.block.hcl punctuation.section.block.end.hcl
>