>variable "test" {
#^^^^^^^^ source.hcl meta.block.hcl entity.name.type.hcl
#        ^ source.hcl meta.block.hcl
#         ^^^^^^ source.hcl meta.block.hcl variable.other.enummember.hcl
#               ^ source.hcl meta.block.hcl
#                ^ source.hcl meta.block.hcl punctuation.section.block.begin.hcl
>  type = object({
#^^ source.hcl meta.block.hcl
#  ^^^^ source.hcl meta.block.hcl variable.declaration.hcl variable.other.readwrite.hcl
#      ^ source.hcl meta.block.hcl variable.declaration.hcl
#       ^ source.hcl meta.block.hcl variable.declaration.hcl keyword.operator.assignment.hcl
#        ^ source.hcl meta.block.hcl variable.declaration.hcl
#         ^^^^^^ source.hcl meta.block.hcl meta.function-call.hcl support.function.builtin.hcl
#               ^ source.hcl meta.block.hcl meta.function-call.hcl punctuation.section.parens.begin.hcl
#                ^ source.hcl meta.block.hcl meta.function-call.hcl punctuation.section.braces.begin.hcl
>    test_object = map( # here
#^^^^ source.hcl meta.block.hcl meta.function-call.hcl
#    ^^^^^^^^^^^ source.hcl meta.block.hcl meta.function-call.hcl variable.declaration.hcl variable.other.readwrite.hcl
#               ^ source.hcl meta.block.hcl meta.function-call.hcl variable.declaration.hcl
#                ^ source.hcl meta.block.hcl meta.function-call.hcl variable.declaration.hcl keyword.operator.assignment.hcl
#                 ^ source.hcl meta.block.hcl meta.function-call.hcl variable.declaration.hcl
#                  ^^^^^^^^^^^^ source.hcl meta.block.hcl meta.function-call.hcl
>      object({ # here
#^^^^^^^^^^^^^^^^^^^^^^ source.hcl meta.block.hcl meta.function-call.hcl
>        test_map = string
#^^^^^^^^ source.hcl meta.block.hcl meta.function-call.hcl
#        ^^^^^^^^ source.hcl meta.block.hcl meta.function-call.hcl variable.declaration.hcl variable.other.readwrite.hcl
#                ^ source.hcl meta.block.hcl meta.function-call.hcl variable.declaration.hcl
#                 ^ source.hcl meta.block.hcl meta.function-call.hcl variable.declaration.hcl keyword.operator.assignment.hcl
#                  ^ source.hcl meta.block.hcl meta.function-call.hcl variable.declaration.hcl
#                   ^^^^^^ source.hcl meta.block.hcl meta.function-call.hcl storage.type.hcl
>      })
#^^^^^^ source.hcl meta.block.hcl meta.function-call.hcl
#      ^ source.hcl meta.block.hcl meta.function-call.hcl punctuation.section.braces.end.hcl
#       ^ source.hcl meta.block.hcl meta.function-call.hcl punctuation.section.parens.end.hcl
>    )
#^^^^^^ source.hcl meta.block.hcl
>  })
#^^ source.hcl meta.block.hcl
#  ^ source.hcl meta.block.hcl punctuation.section.block.end.hcl
#   ^^ source.hcl
>}
#^^ source.hcl
>
>