># https://developer.hashicorp.com/sentinel/docs/language/collection-operations
#^ source.sentinel comment.line.number-sign.sentinel punctuation.definition.comment.sentinel
# ^^^^^^^^^^^^^^^^^^^^^^^^^^^^^^^^^^^^^^^^^^^^^^^^^^^^^^^^^^^^^^^^^^^^^^^^^^^^^ source.sentinel comment.line.number-sign.sentinel
>
># filter
#^ source.sentinel comment.line.number-sign.sentinel punctuation.definition.comment.sentinel
# ^^^^^^^ source.sentinel comment.line.number-sign.sentinel
>filter list as value { condition }      // Single-iterator, list
#^^^^^^ source.sentinel keyword.control.sentinel
#      ^^^^^^ source.sentinel
#            ^^ source.sentinel keyword.other.sentinel
#              ^^^^^^^^^^^^^^^^^^^^^^^^^^ source.sentinel
#                                        ^^ source.sentinel comment.line.double-slash.sentinel punctuation.definition.comment.sentinel
#                                          ^^^^^^^^^^^^^^^^^^^^^^ source.sentinel comment.line.double-slash.sentinel
>filter list as idx, value { condition } // Double-iterator, list
#^^^^^^ source.sentinel keyword.control.sentinel
#      ^^^^^^ source.sentinel
#            ^^ source.sentinel keyword.other.sentinel
#              ^^^^^^^^^^^^^^^^^^^^^^^^^^ source.sentinel
#                                        ^^ source.sentinel comment.line.double-slash.sentinel punctuation.definition.comment.sentinel
#                                          ^^^^^^^^^^^^^^^^^^^^^^ source.sentinel comment.line.double-slash.sentinel
>
>filter map as key { condition }         // Single-iterator, map
#^^^^^^ source.sentinel keyword.control.sentinel
#      ^ source.sentinel
#       ^^^ source.sentinel keyword.control.sentinel
#          ^ source.sentinel
#           ^^ source.sentinel keyword.other.sentinel
#             ^^^^^^^^^^^^^^^^^^^^^^^^^^^ source.sentinel
#                                        ^^ source.sentinel comment.line.double-slash.sentinel punctuation.definition.comment.sentinel
#                                          ^^^^^^^^^^^^^^^^^^^^^ source.sentinel comment.line.double-slash.sentinel
>filter map as key, value { condition }  // Double-iterator, map
#^^^^^^ source.sentinel keyword.control.sentinel
#      ^ source.sentinel
#       ^^^ source.sentinel keyword.control.sentinel
#          ^ source.sentinel
#           ^^ source.sentinel keyword.other.sentinel
#             ^^^^^^^^^^^^^^^^^^^^^^^^^^^ source.sentinel
#                                        ^^ source.sentinel comment.line.double-slash.sentinel punctuation.definition.comment.sentinel
#                                          ^^^^^^^^^^^^^^^^^^^^^ source.sentinel comment.line.double-slash.sentinel
>
># map
#^ source.sentinel comment.line.number-sign.sentinel punctuation.definition.comment.sentinel
# ^^^^ source.sentinel comment.line.number-sign.sentinel
>l = [1, 2]
#^^ source.sentinel
#  ^ source.sentinel keyword.operator.symbol.sentinel
#   ^^ source.sentinel
#     ^ source.sentinel constant.numeric.number.sentinel
#      ^^ source.sentinel
#        ^ source.sentinel constant.numeric.number.sentinel
#         ^^ source.sentinel
>r = map l as v { v % 2 } // [false, true]
#^^ source.sentinel
#  ^ source.sentinel keyword.operator.symbol.sentinel
#   ^ source.sentinel
#    ^^^ source.sentinel keyword.control.sentinel
#       ^^^ source.sentinel
#          ^^ source.sentinel keyword.other.sentinel
#            ^^^^^^^ source.sentinel
#                   ^ source.sentinel keyword.operator.symbol.sentinel
#                    ^ source.sentinel
#                     ^ source.sentinel constant.numeric.number.sentinel
#                      ^^^ source.sentinel
#                         ^^ source.sentinel comment.line.double-slash.sentinel punctuation.definition.comment.sentinel
#                           ^^^^^^^^^^^^^^ source.sentinel comment.line.double-slash.sentinel
>
>m = { "a": "foo", "b": "bar" }
#^^ source.sentinel
#  ^ source.sentinel keyword.operator.symbol.sentinel
#   ^^^ source.sentinel
#      ^ source.sentinel string.quoted.double.untitled
#       ^ source.sentinel string.quoted.double.untitled
#        ^ source.sentinel string.quoted.double.untitled
#         ^^ source.sentinel
#           ^ source.sentinel string.quoted.double.untitled
#            ^^^ source.sentinel string.quoted.double.untitled
#               ^ source.sentinel string.quoted.double.untitled
#                ^^ source.sentinel
#                  ^ source.sentinel string.quoted.double.untitled
#                   ^ source.sentinel string.quoted.double.untitled
#                    ^ source.sentinel string.quoted.double.untitled
#                     ^^ source.sentinel
#                       ^ source.sentinel string.quoted.double.untitled
#                        ^^^ source.sentinel string.quoted.double.untitled
#                           ^ source.sentinel string.quoted.double.untitled
#                            ^^^ source.sentinel
>r = map m as k, v { v } // ["foo", "bar"]
#^^ source.sentinel
#  ^ source.sentinel keyword.operator.symbol.sentinel
#   ^ source.sentinel
#    ^^^ source.sentinel keyword.control.sentinel
#       ^^^ source.sentinel
#          ^^ source.sentinel keyword.other.sentinel
#            ^^^^^^^^^^^^ source.sentinel
#                        ^^ source.sentinel comment.line.double-slash.sentinel punctuation.definition.comment.sentinel
#                          ^^^^^^^^^^^^^^^ source.sentinel comment.line.double-slash.sentinel
>