># https://developer.hashicorp.com/sentinel/docs/language/spec#comments
#^ source.sentinel comment.line.number-sign.sentinel punctuation.definition.comment.sentinel
# ^^^^^^^^^^^^^^^^^^^^^^^^^^^^^^^^^^^^^^^^^^^^^^^^^^^^^^^^^^^^^^^^^^^^^ source.sentinel comment.line.number-sign.sentinel
>
># Single line comment
#^ source.sentinel comment.line.number-sign.sentinel punctuation.definition.comment.sentinel
# ^^^^^^^^^^^^^^^^^^^^ source.sentinel comment.line.number-sign.sentinel
>comment
#^^^^^^^^ source.sentinel
>
>comment # Single line comment
#^^^^^^^^ source.sentinel
#        ^ source.sentinel comment.line.number-sign.sentinel punctuation.definition.comment.sentinel
#         ^^^^^^^^^^^^^^^^^^^^ source.sentinel comment.line.number-sign.sentinel
>
>// Single line comment
#^^ source.sentinel comment.line.double-slash.sentinel punctuation.definition.comment.sentinel
#  ^^^^^^^^^^^^^^^^^^^^ source.sentinel comment.line.double-slash.sentinel
>comment
#^^^^^^^^ source.sentinel
>
>/* multi
#^^ source.sentinel comment.block.sentinel punctuation.definition.comment.sentinel
#  ^^^^^^^ source.sentinel comment.block.sentinel
>line
#^^^^^ source.sentinel comment.block.sentinel
>    comment */
#^^^^^^^^^^^^ source.sentinel comment.block.sentinel
#            ^^ source.sentinel comment.block.sentinel punctuation.definition.comment.sentinel
>comment
#^^^^^^^^ source.sentinel
>