># https://developer.hashicorp.com/sentinel/docs/language/parameters
#^ source.sentinel comment.line.number-sign.sentinel punctuation.definition.comment.sentinel
# ^^^^^^^^^^^^^^^^^^^^^^^^^^^^^^^^^^^^^^^^^^^^^^^^^^^^^^^^^^^^^^^^^^ source.sentinel comment.line.number-sign.sentinel
>
>param foo
#^^^^^ source.sentinel keyword.control.declaration.sentinel
#     ^^^^^ source.sentinel
>param bar default 42
#^^^^^ source.sentinel keyword.control.declaration.sentinel
#     ^^^^^ source.sentinel
#          ^^^^^^^ source.sentinel keyword.other.sentinel
#                 ^ source.sentinel
#                  ^^ source.sentinel constant.numeric.number.sentinel
>
>param someting default [1,2,3]
#^^^^^ source.sentinel keyword.control.declaration.sentinel
#     ^^^^^^^^^^ source.sentinel
#               ^^^^^^^ source.sentinel keyword.other.sentinel
#                      ^^ source.sentinel
#                        ^ source.sentinel constant.numeric.number.sentinel
#                         ^ source.sentinel
#                          ^ source.sentinel constant.numeric.number.sentinel
#                           ^ source.sentinel
#                            ^ source.sentinel constant.numeric.number.sentinel
#                             ^^ source.sentinel
>