># https://developer.hashicorp.com/sentinel/docs/language/undefined
#^^^^^^^^^^^^^^^^^^^^^^^^^^^^^^^^^^^^^^^^^^^^^^^^^^^^^^^^^^^^^^^^^^ source.sentinel comment.line.number-sign.sentinel
>
>foo() else 42
#^^^^^^ source.sentinel
#      ^^^^ source.sentinel keyword.control.sentinel
#          ^ source.sentinel
#           ^^ source.sentinel constant.numeric.number.sentinel
>foo.bar else ""
#^^^^^^^^ source.sentinel
#        ^^^^ source.sentinel keyword.control.sentinel
#            ^ source.sentinel
#             ^ source.sentinel string.quoted.double.untitled
#              ^ source.sentinel string.quoted.double.untitled
>config["bad-key"] else "default"
#^^^^^^^ source.sentinel
#       ^ source.sentinel string.quoted.double.untitled
#        ^^^^^^^ source.sentinel string.quoted.double.untitled
#               ^ source.sentinel string.quoted.double.untitled
#                ^^ source.sentinel
#                  ^^^^ source.sentinel keyword.control.sentinel
#                      ^ source.sentinel
#                       ^ source.sentinel string.quoted.double.untitled
#                        ^^^^^^^ source.sentinel string.quoted.double.untitled
#                               ^ source.sentinel string.quoted.double.untitled
>
>// In more complex scenarios
#^^^^^^^^^^^^^^^^^^^^^^^^^^^^ source.sentinel comment.line.double-slash.sentinel
>
>foo() else 42 == 12
#^^^^^^ source.sentinel
#      ^^^^ source.sentinel keyword.control.sentinel
#          ^ source.sentinel
#           ^^ source.sentinel constant.numeric.number.sentinel
#             ^ source.sentinel
#              ^ source.sentinel keyword.operator.symbol.sentinel
#               ^ source.sentinel keyword.operator.symbol.sentinel
#                ^ source.sentinel
#                 ^^ source.sentinel constant.numeric.number.sentinel
>a = config.value else "default"
#^^ source.sentinel
#  ^ source.sentinel keyword.operator.symbol.sentinel
#   ^^^^^^^^^^^^^^ source.sentinel
#                 ^^^^ source.sentinel keyword.control.sentinel
#                     ^ source.sentinel
#                      ^ source.sentinel string.quoted.double.untitled
#                       ^^^^^^^ source.sentinel string.quoted.double.untitled
#                              ^ source.sentinel string.quoted.double.untitled
>