>resource "aws_instance" "web" {
#^^^^^^^^ source.hcl.terraform meta.block.hcl entity.name.type.terraform
#        ^ source.hcl.terraform meta.block.hcl
#         ^^^^^^^^^^^^^^ source.hcl.terraform meta.block.hcl variable.other.enummember.hcl
#                       ^ source.hcl.terraform meta.block.hcl
#                        ^^^^^ source.hcl.terraform meta.block.hcl variable.other.enummember.hcl
#                             ^ source.hcl.terraform meta.block.hcl
#                              ^ source.hcl.terraform meta.block.hcl punctuation.section.block.begin.hcl
>  ami           = "ami-a1b2c3d4"
#^^ source.hcl.terraform meta.block.hcl
#  ^^^ source.hcl.terraform meta.block.hcl variable.declaration.hcl variable.other.readwrite.hcl
#     ^^^^^^^^^^^ source.hcl.terraform meta.block.hcl variable.declaration.hcl
#                ^ source.hcl.terraform meta.block.hcl variable.declaration.hcl keyword.operator.assignment.hcl
#                 ^ source.hcl.terraform meta.block.hcl variable.declaration.hcl
#                  ^ source.hcl.terraform meta.block.hcl string.quoted.double.hcl punctuation.definition.string.begin.hcl
#                   ^^^^^^^^^^^^ source.hcl.terraform meta.block.hcl string.quoted.double.hcl
#                               ^ source.hcl.terraform meta.block.hcl string.quoted.double.hcl punctuation.definition.string.end.hcl
>  instance_type = "t2.micro"
#^^ source.hcl.terraform meta.block.hcl
#  ^^^^^^^^^^^^^ source.hcl.terraform meta.block.hcl variable.declaration.hcl variable.other.readwrite.hcl
#               ^ source.hcl.terraform meta.block.hcl variable.declaration.hcl
#                ^ source.hcl.terraform meta.block.hcl variable.declaration.hcl keyword.operator.assignment.hcl
#                 ^ source.hcl.terraform meta.block.hcl variable.declaration.hcl
#                  ^ source.hcl.terraform meta.block.hcl string.quoted.double.hcl punctuation.definition.string.begin.hcl
#                   ^^^^^^^^ source.hcl.terraform meta.block.hcl string.quoted.double.hcl
#                           ^ source.hcl.terraform meta.block.hcl string.quoted.double.hcl punctuation.definition.string.end.hcl
>  timeouts {
#^^ source.hcl.terraform meta.block.hcl
#  ^^^^^^^^ source.hcl.terraform meta.block.hcl meta.block.hcl entity.name.type.hcl
#          ^ source.hcl.terraform meta.block.hcl meta.block.hcl
#           ^ source.hcl.terraform meta.block.hcl meta.block.hcl punctuation.section.block.begin.hcl
>    create = "60m"
#^^^^ source.hcl.terraform meta.block.hcl meta.block.hcl
#    ^^^^^^ source.hcl.terraform meta.block.hcl meta.block.hcl variable.declaration.hcl variable.other.readwrite.hcl
#          ^ source.hcl.terraform meta.block.hcl meta.block.hcl variable.declaration.hcl
#           ^ source.hcl.terraform meta.block.hcl meta.block.hcl variable.declaration.hcl keyword.operator.assignment.hcl
#            ^ source.hcl.terraform meta.block.hcl meta.block.hcl variable.declaration.hcl
#             ^ source.hcl.terraform meta.block.hcl meta.block.hcl string.quoted.double.hcl punctuation.definition.string.begin.hcl
#              ^^^ source.hcl.terraform meta.block.hcl meta.block.hcl string.quoted.double.hcl
#                 ^ source.hcl.terraform meta.block.hcl meta.block.hcl string.quoted.double.hcl punctuation.definition.string.end.hcl
>    delete = "2h"
#^^^^ source.hcl.terraform meta.block.hcl meta.block.hcl
#    ^^^^^^ source.hcl.terraform meta.block.hcl meta.block.hcl variable.declaration.hcl variable.other.readwrite.hcl
#          ^ source.hcl.terraform meta.block.hcl meta.block.hcl variable.declaration.hcl
#           ^ source.hcl.terraform meta.block.hcl meta.block.hcl variable.declaration.hcl keyword.operator.assignment.hcl
#            ^ source.hcl.terraform meta.block.hcl meta.block.hcl variable.declaration.hcl
#             ^ source.hcl.terraform meta.block.hcl meta.block.hcl string.quoted.double.hcl punctuation.definition.string.begin.hcl
#              ^^ source.hcl.terraform meta.block.hcl meta.block.hcl string.quoted.double.hcl
#                ^ source.hcl.terraform meta.block.hcl meta.block.hcl string.quoted.double.hcl punctuation.definition.string.end.hcl
>  }
#^^ source.hcl.terraform meta.block.hcl meta.block.hcl
#  ^ source.hcl.terraform meta.block.hcl meta.block.hcl punctuation.section.block.end.hcl
>}
#^ source.hcl.terraform meta.block.hcl punctuation.section.block.end.hcl
>
>// packer type block
#^^ source.hcl.terraform comment.line.double-slash.hcl punctuation.definition.comment.hcl
#  ^^^^^^^^^^^^^^^^^^ source.hcl.terraform comment.line.double-slash.hcl
>// As per https://github.com/hashicorp/hcl/blob/main/hclsyntax/spec.md#identifiers
#^^ source.hcl.terraform comment.line.double-slash.hcl punctuation.definition.comment.hcl
#  ^^^^^^^^^^^^^^^^^^^^^^^^^^^^^^^^^^^^^^^^^^^^^^^^^^^^^^^^^^^^^^^^^^^^^^^^^^^^^^^^ source.hcl.terraform comment.line.double-slash.hcl
>// a `-` is allowed in the identifier.
#^^ source.hcl.terraform comment.line.double-slash.hcl punctuation.definition.comment.hcl
#  ^^^^^^^^^^^^^^^^^^^^^^^^^^^^^^^^^^^^ source.hcl.terraform comment.line.double-slash.hcl
>// duplicated here to ensure compatibility with generic HCL
#^^ source.hcl.terraform comment.line.double-slash.hcl punctuation.definition.comment.hcl
#  ^^^^^^^^^^^^^^^^^^^^^^^^^^^^^^^^^^^^^^^^^^^^^^^^^^^^^^^^^ source.hcl.terraform comment.line.double-slash.hcl
>post-processor "foo" {}
#^^^^^^^^^^^^^^ source.hcl.terraform meta.block.hcl entity.name.type.hcl
#              ^ source.hcl.terraform meta.block.hcl
#               ^^^^^ source.hcl.terraform meta.block.hcl variable.other.enummember.hcl
#                    ^ source.hcl.terraform meta.block.hcl
#                     ^ source.hcl.terraform meta.block.hcl punctuation.section.block.begin.hcl
#                      ^ source.hcl.terraform meta.block.hcl punctuation.section.block.end.hcl
>
>// dash is not expected at the beginning
#^^ source.hcl.terraform comment.line.double-slash.hcl punctuation.definition.comment.hcl
#  ^^^^^^^^^^^^^^^^^^^^^^^^^^^^^^^^^^^^^^ source.hcl.terraform comment.line.double-slash.hcl
>-test "foo" {}
#^ source.hcl.terraform keyword.operator.arithmetic.hcl
# ^^^^ source.hcl.terraform meta.block.hcl entity.name.type.hcl
#     ^ source.hcl.terraform meta.block.hcl
#      ^^^^^ source.hcl.terraform meta.block.hcl variable.other.enummember.hcl
#           ^ source.hcl.terraform meta.block.hcl
#            ^ source.hcl.terraform meta.block.hcl punctuation.section.block.begin.hcl
#             ^ source.hcl.terraform meta.block.hcl punctuation.section.block.end.hcl
>
>// digits are not expected at the beginning
#^^ source.hcl.terraform comment.line.double-slash.hcl punctuation.definition.comment.hcl
#  ^^^^^^^^^^^^^^^^^^^^^^^^^^^^^^^^^^^^^^^^^ source.hcl.terraform comment.line.double-slash.hcl
>42test "foo" {}
#^^ source.hcl.terraform
#  ^^^^ source.hcl.terraform meta.block.hcl
#      ^ source.hcl.terraform meta.block.hcl
#       ^^^^^ source.hcl.terraform meta.block.hcl variable.other.enummember.hcl
#            ^ source.hcl.terraform meta.block.hcl
#             ^ source.hcl.terraform meta.block.hcl punctuation.section.block.begin.hcl
#              ^ source.hcl.terraform meta.block.hcl punctuation.section.block.end.hcl
>
>// digits are allowed in 2nd+ positions
#^^ source.hcl.terraform comment.line.double-slash.hcl punctuation.definition.comment.hcl
#  ^^^^^^^^^^^^^^^^^^^^^^^^^^^^^^^^^^^^^ source.hcl.terraform comment.line.double-slash.hcl
>test42 "foo" {}
#^^^^^^ source.hcl.terraform meta.block.hcl entity.name.type.hcl
#      ^ source.hcl.terraform meta.block.hcl
#       ^^^^^ source.hcl.terraform meta.block.hcl variable.other.enummember.hcl
#            ^ source.hcl.terraform meta.block.hcl
#             ^ source.hcl.terraform meta.block.hcl punctuation.section.block.begin.hcl
#              ^ source.hcl.terraform meta.block.hcl punctuation.section.block.end.hcl
>