># numeric
#^ source.hcl.terraform comment.line.number-sign.hcl punctuation.definition.comment.hcl
# ^^^^^^^^ source.hcl.terraform comment.line.number-sign.hcl
>
>abs(23)
#^^^ source.hcl.terraform meta.function-call.hcl support.function.builtin.terraform
#   ^ source.hcl.terraform meta.function-call.hcl punctuation.section.parens.begin.hcl
#    ^^ source.hcl.terraform meta.function-call.hcl constant.numeric.integer.hcl
#      ^ source.hcl.terraform meta.function-call.hcl punctuation.section.parens.end.hcl
>ceil(5)
#^^^^ source.hcl.terraform meta.function-call.hcl support.function.builtin.terraform
#    ^ source.hcl.terraform meta.function-call.hcl punctuation.section.parens.begin.hcl
#     ^ source.hcl.terraform meta.function-call.hcl constant.numeric.integer.hcl
#      ^ source.hcl.terraform meta.function-call.hcl punctuation.section.parens.end.hcl
>floor(5)
#^^^^^ source.hcl.terraform meta.function-call.hcl support.function.builtin.terraform
#     ^ source.hcl.terraform meta.function-call.hcl punctuation.section.parens.begin.hcl
#      ^ source.hcl.terraform meta.function-call.hcl constant.numeric.integer.hcl
#       ^ source.hcl.terraform meta.function-call.hcl punctuation.section.parens.end.hcl
>log(50, 10)
#^^^ source.hcl.terraform meta.function-call.hcl support.function.builtin.terraform
#   ^ source.hcl.terraform meta.function-call.hcl punctuation.section.parens.begin.hcl
#    ^^ source.hcl.terraform meta.function-call.hcl constant.numeric.integer.hcl
#      ^ source.hcl.terraform meta.function-call.hcl punctuation.separator.hcl
#       ^ source.hcl.terraform meta.function-call.hcl
#        ^^ source.hcl.terraform meta.function-call.hcl constant.numeric.integer.hcl
#          ^ source.hcl.terraform meta.function-call.hcl punctuation.section.parens.end.hcl
>max(12, 54, 3)
#^^^ source.hcl.terraform meta.function-call.hcl support.function.builtin.terraform
#   ^ source.hcl.terraform meta.function-call.hcl punctuation.section.parens.begin.hcl
#    ^^ source.hcl.terraform meta.function-call.hcl constant.numeric.integer.hcl
#      ^ source.hcl.terraform meta.function-call.hcl punctuation.separator.hcl
#       ^ source.hcl.terraform meta.function-call.hcl
#        ^^ source.hcl.terraform meta.function-call.hcl constant.numeric.integer.hcl
#          ^ source.hcl.terraform meta.function-call.hcl punctuation.separator.hcl
#           ^ source.hcl.terraform meta.function-call.hcl
#            ^ source.hcl.terraform meta.function-call.hcl constant.numeric.integer.hcl
#             ^ source.hcl.terraform meta.function-call.hcl punctuation.section.parens.end.hcl
>min(12, 54, 3)
#^^^ source.hcl.terraform meta.function-call.hcl support.function.builtin.terraform
#   ^ source.hcl.terraform meta.function-call.hcl punctuation.section.parens.begin.hcl
#    ^^ source.hcl.terraform meta.function-call.hcl constant.numeric.integer.hcl
#      ^ source.hcl.terraform meta.function-call.hcl punctuation.separator.hcl
#       ^ source.hcl.terraform meta.function-call.hcl
#        ^^ source.hcl.terraform meta.function-call.hcl constant.numeric.integer.hcl
#          ^ source.hcl.terraform meta.function-call.hcl punctuation.separator.hcl
#           ^ source.hcl.terraform meta.function-call.hcl
#            ^ source.hcl.terraform meta.function-call.hcl constant.numeric.integer.hcl
#             ^ source.hcl.terraform meta.function-call.hcl punctuation.section.parens.end.hcl
>parseint("100", 10)
#^^^^^^^^ source.hcl.terraform meta.function-call.hcl variable.function.hcl
#        ^ source.hcl.terraform meta.function-call.hcl punctuation.section.parens.begin.hcl
#         ^ source.hcl.terraform meta.function-call.hcl string.quoted.double.hcl punctuation.definition.string.begin.hcl
#          ^^^ source.hcl.terraform meta.function-call.hcl string.quoted.double.hcl
#             ^ source.hcl.terraform meta.function-call.hcl string.quoted.double.hcl punctuation.definition.string.end.hcl
#              ^ source.hcl.terraform meta.function-call.hcl punctuation.separator.hcl
#               ^ source.hcl.terraform meta.function-call.hcl
#                ^^ source.hcl.terraform meta.function-call.hcl constant.numeric.integer.hcl
#                  ^ source.hcl.terraform meta.function-call.hcl punctuation.section.parens.end.hcl
>pow(3, 2)
#^^^ source.hcl.terraform meta.function-call.hcl support.function.builtin.terraform
#   ^ source.hcl.terraform meta.function-call.hcl punctuation.section.parens.begin.hcl
#    ^ source.hcl.terraform meta.function-call.hcl constant.numeric.integer.hcl
#     ^ source.hcl.terraform meta.function-call.hcl punctuation.separator.hcl
#      ^ source.hcl.terraform meta.function-call.hcl
#       ^ source.hcl.terraform meta.function-call.hcl constant.numeric.integer.hcl
#        ^ source.hcl.terraform meta.function-call.hcl punctuation.section.parens.end.hcl
>signum(-13)
#^^^^^^ source.hcl.terraform meta.function-call.hcl support.function.builtin.terraform
#      ^ source.hcl.terraform meta.function-call.hcl punctuation.section.parens.begin.hcl
#       ^ source.hcl.terraform meta.function-call.hcl keyword.operator.arithmetic.hcl
#        ^^ source.hcl.terraform meta.function-call.hcl constant.numeric.integer.hcl
#          ^ source.hcl.terraform meta.function-call.hcl punctuation.section.parens.end.hcl
>
># string
#^ source.hcl.terraform comment.line.number-sign.hcl punctuation.definition.comment.hcl
# ^^^^^^^ source.hcl.terraform comment.line.number-sign.hcl
>
>chomp("hello\n")
#^^^^^ source.hcl.terraform meta.function-call.hcl support.function.builtin.terraform
#     ^ source.hcl.terraform meta.function-call.hcl punctuation.section.parens.begin.hcl
#      ^ source.hcl.terraform meta.function-call.hcl string.quoted.double.hcl punctuation.definition.string.begin.hcl
#       ^^^^^ source.hcl.terraform meta.function-call.hcl string.quoted.double.hcl
#            ^^ source.hcl.terraform meta.function-call.hcl string.quoted.double.hcl constant.character.escape.hcl
#              ^ source.hcl.terraform meta.function-call.hcl string.quoted.double.hcl punctuation.definition.string.end.hcl
#               ^ source.hcl.terraform meta.function-call.hcl punctuation.section.parens.end.hcl
>format("Hello, %s!", "Ander")
#^^^^^^ source.hcl.terraform meta.function-call.hcl support.function.builtin.terraform
#      ^ source.hcl.terraform meta.function-call.hcl punctuation.section.parens.begin.hcl
#       ^ source.hcl.terraform meta.function-call.hcl string.quoted.double.hcl punctuation.definition.string.begin.hcl
#        ^^^^^^^^^^ source.hcl.terraform meta.function-call.hcl string.quoted.double.hcl
#                  ^ source.hcl.terraform meta.function-call.hcl string.quoted.double.hcl punctuation.definition.string.end.hcl
#                   ^ source.hcl.terraform meta.function-call.hcl punctuation.separator.hcl
#                    ^ source.hcl.terraform meta.function-call.hcl
#                     ^ source.hcl.terraform meta.function-call.hcl string.quoted.double.hcl punctuation.definition.string.begin.hcl
#                      ^^^^^ source.hcl.terraform meta.function-call.hcl string.quoted.double.hcl
#                           ^ source.hcl.terraform meta.function-call.hcl string.quoted.double.hcl punctuation.definition.string.end.hcl
#                            ^ source.hcl.terraform meta.function-call.hcl punctuation.section.parens.end.hcl
>formatlist("Hello, %s!", ["Valentina", "Ander", "Olivia", "Sam"])
#^^^^^^^^^^ source.hcl.terraform meta.function-call.hcl support.function.builtin.terraform
#          ^ source.hcl.terraform meta.function-call.hcl punctuation.section.parens.begin.hcl
#           ^ source.hcl.terraform meta.function-call.hcl string.quoted.double.hcl punctuation.definition.string.begin.hcl
#            ^^^^^^^^^^ source.hcl.terraform meta.function-call.hcl string.quoted.double.hcl
#                      ^ source.hcl.terraform meta.function-call.hcl string.quoted.double.hcl punctuation.definition.string.end.hcl
#                       ^ source.hcl.terraform meta.function-call.hcl punctuation.separator.hcl
#                        ^ source.hcl.terraform meta.function-call.hcl
#                         ^ source.hcl.terraform meta.function-call.hcl punctuation.section.brackets.begin.hcl
#                          ^ source.hcl.terraform meta.function-call.hcl string.quoted.double.hcl punctuation.definition.string.begin.hcl
#                           ^^^^^^^^^ source.hcl.terraform meta.function-call.hcl string.quoted.double.hcl
#                                    ^ source.hcl.terraform meta.function-call.hcl string.quoted.double.hcl punctuation.definition.string.end.hcl
#                                     ^ source.hcl.terraform meta.function-call.hcl punctuation.separator.hcl
#                                      ^ source.hcl.terraform meta.function-call.hcl
#                                       ^ source.hcl.terraform meta.function-call.hcl string.quoted.double.hcl punctuation.definition.string.begin.hcl
#                                        ^^^^^ source.hcl.terraform meta.function-call.hcl string.quoted.double.hcl
#                                             ^ source.hcl.terraform meta.function-call.hcl string.quoted.double.hcl punctuation.definition.string.end.hcl
#                                              ^ source.hcl.terraform meta.function-call.hcl punctuation.separator.hcl
#                                               ^ source.hcl.terraform meta.function-call.hcl
#                                                ^ source.hcl.terraform meta.function-call.hcl string.quoted.double.hcl punctuation.definition.string.begin.hcl
#                                                 ^^^^^^ source.hcl.terraform meta.function-call.hcl string.quoted.double.hcl
#                                                       ^ source.hcl.terraform meta.function-call.hcl string.quoted.double.hcl punctuation.definition.string.end.hcl
#                                                        ^ source.hcl.terraform meta.function-call.hcl punctuation.separator.hcl
#                                                         ^ source.hcl.terraform meta.function-call.hcl
#                                                          ^ source.hcl.terraform meta.function-call.hcl string.quoted.double.hcl punctuation.definition.string.begin.hcl
#                                                           ^^^ source.hcl.terraform meta.function-call.hcl string.quoted.double.hcl
#                                                              ^ source.hcl.terraform meta.function-call.hcl string.quoted.double.hcl punctuation.definition.string.end.hcl
#                                                               ^ source.hcl.terraform meta.function-call.hcl punctuation.section.brackets.end.hcl
#                                                                ^ source.hcl.terraform meta.function-call.hcl punctuation.section.parens.end.hcl
>formatlist("%s, %s!", "Salutations", ["Valentina", "Ander", "Olivia", "Sam"])
#^^^^^^^^^^ source.hcl.terraform meta.function-call.hcl support.function.builtin.terraform
#          ^ source.hcl.terraform meta.function-call.hcl punctuation.section.parens.begin.hcl
#           ^ source.hcl.terraform meta.function-call.hcl string.quoted.double.hcl punctuation.definition.string.begin.hcl
#            ^^^^^^^ source.hcl.terraform meta.function-call.hcl string.quoted.double.hcl
#                   ^ source.hcl.terraform meta.function-call.hcl string.quoted.double.hcl punctuation.definition.string.end.hcl
#                    ^ source.hcl.terraform meta.function-call.hcl punctuation.separator.hcl
#                     ^ source.hcl.terraform meta.function-call.hcl
#                      ^ source.hcl.terraform meta.function-call.hcl string.quoted.double.hcl punctuation.definition.string.begin.hcl
#                       ^^^^^^^^^^^ source.hcl.terraform meta.function-call.hcl string.quoted.double.hcl
#                                  ^ source.hcl.terraform meta.function-call.hcl string.quoted.double.hcl punctuation.definition.string.end.hcl
#                                   ^ source.hcl.terraform meta.function-call.hcl punctuation.separator.hcl
#                                    ^ source.hcl.terraform meta.function-call.hcl
#                                     ^ source.hcl.terraform meta.function-call.hcl punctuation.section.brackets.begin.hcl
#                                      ^ source.hcl.terraform meta.function-call.hcl string.quoted.double.hcl punctuation.definition.string.begin.hcl
#                                       ^^^^^^^^^ source.hcl.terraform meta.function-call.hcl string.quoted.double.hcl
#                                                ^ source.hcl.terraform meta.function-call.hcl string.quoted.double.hcl punctuation.definition.string.end.hcl
#                                                 ^ source.hcl.terraform meta.function-call.hcl punctuation.separator.hcl
#                                                  ^ source.hcl.terraform meta.function-call.hcl
#                                                   ^ source.hcl.terraform meta.function-call.hcl string.quoted.double.hcl punctuation.definition.string.begin.hcl
#                                                    ^^^^^ source.hcl.terraform meta.function-call.hcl string.quoted.double.hcl
#                                                         ^ source.hcl.terraform meta.function-call.hcl string.quoted.double.hcl punctuation.definition.string.end.hcl
#                                                          ^ source.hcl.terraform meta.function-call.hcl punctuation.separator.hcl
#                                                           ^ source.hcl.terraform meta.function-call.hcl
#                                                            ^ source.hcl.terraform meta.function-call.hcl string.quoted.double.hcl punctuation.definition.string.begin.hcl
#                                                             ^^^^^^ source.hcl.terraform meta.function-call.hcl string.quoted.double.hcl
#                                                                   ^ source.hcl.terraform meta.function-call.hcl string.quoted.double.hcl punctuation.definition.string.end.hcl
#                                                                    ^ source.hcl.terraform meta.function-call.hcl punctuation.separator.hcl
#                                                                     ^ source.hcl.terraform meta.function-call.hcl
#                                                                      ^ source.hcl.terraform meta.function-call.hcl string.quoted.double.hcl punctuation.definition.string.begin.hcl
#                                                                       ^^^ source.hcl.terraform meta.function-call.hcl string.quoted.double.hcl
#                                                                          ^ source.hcl.terraform meta.function-call.hcl string.quoted.double.hcl punctuation.definition.string.end.hcl
#                                                                           ^ source.hcl.terraform meta.function-call.hcl punctuation.section.brackets.end.hcl
#                                                                            ^ source.hcl.terraform meta.function-call.hcl punctuation.section.parens.end.hcl
>"  items: ${indent(2, "[\n  foo,\n  bar,\n]\n")}"
#^ source.hcl.terraform string.quoted.double.hcl punctuation.definition.string.begin.hcl
# ^^^^^^^^ source.hcl.terraform string.quoted.double.hcl
#         ^ source.hcl.terraform string.quoted.double.hcl meta.interpolation.hcl
#          ^^ source.hcl.terraform string.quoted.double.hcl meta.interpolation.hcl keyword.other.interpolation.begin.hcl
#            ^^^^^^ source.hcl.terraform string.quoted.double.hcl meta.interpolation.hcl meta.function-call.hcl variable.function.hcl
#                  ^ source.hcl.terraform string.quoted.double.hcl meta.interpolation.hcl meta.function-call.hcl punctuation.section.parens.begin.hcl
#                   ^ source.hcl.terraform string.quoted.double.hcl meta.interpolation.hcl meta.function-call.hcl constant.numeric.integer.hcl
#                    ^ source.hcl.terraform string.quoted.double.hcl meta.interpolation.hcl meta.function-call.hcl punctuation.separator.hcl
#                     ^ source.hcl.terraform string.quoted.double.hcl meta.interpolation.hcl meta.function-call.hcl
#                      ^ source.hcl.terraform string.quoted.double.hcl meta.interpolation.hcl meta.function-call.hcl string.quoted.double.hcl punctuation.definition.string.begin.hcl
#                       ^ source.hcl.terraform string.quoted.double.hcl meta.interpolation.hcl meta.function-call.hcl string.quoted.double.hcl
#                        ^^ source.hcl.terraform string.quoted.double.hcl meta.interpolation.hcl meta.function-call.hcl string.quoted.double.hcl constant.character.escape.hcl
#                          ^^^^^^ source.hcl.terraform string.quoted.double.hcl meta.interpolation.hcl meta.function-call.hcl string.quoted.double.hcl
#                                ^^ source.hcl.terraform string.quoted.double.hcl meta.interpolation.hcl meta.function-call.hcl string.quoted.double.hcl constant.character.escape.hcl
#                                  ^^^^^^ source.hcl.terraform string.quoted.double.hcl meta.interpolation.hcl meta.function-call.hcl string.quoted.double.hcl
#                                        ^^ source.hcl.terraform string.quoted.double.hcl meta.interpolation.hcl meta.function-call.hcl string.quoted.double.hcl constant.character.escape.hcl
#                                          ^ source.hcl.terraform string.quoted.double.hcl meta.interpolation.hcl meta.function-call.hcl string.quoted.double.hcl
#                                           ^^ source.hcl.terraform string.quoted.double.hcl meta.interpolation.hcl meta.function-call.hcl string.quoted.double.hcl constant.character.escape.hcl
#                                             ^ source.hcl.terraform string.quoted.double.hcl meta.interpolation.hcl meta.function-call.hcl string.quoted.double.hcl punctuation.definition.string.end.hcl
#                                              ^ source.hcl.terraform string.quoted.double.hcl meta.interpolation.hcl meta.function-call.hcl punctuation.section.parens.end.hcl
#                                               ^ source.hcl.terraform string.quoted.double.hcl meta.interpolation.hcl keyword.other.interpolation.end.hcl
#                                                ^ source.hcl.terraform string.quoted.double.hcl punctuation.definition.string.end.hcl
>join(", ", ["foo", "bar", "baz"])
#^^^^ source.hcl.terraform meta.function-call.hcl support.function.builtin.terraform
#    ^ source.hcl.terraform meta.function-call.hcl punctuation.section.parens.begin.hcl
#     ^ source.hcl.terraform meta.function-call.hcl string.quoted.double.hcl punctuation.definition.string.begin.hcl
#      ^^ source.hcl.terraform meta.function-call.hcl string.quoted.double.hcl
#        ^ source.hcl.terraform meta.function-call.hcl string.quoted.double.hcl punctuation.definition.string.end.hcl
#         ^ source.hcl.terraform meta.function-call.hcl punctuation.separator.hcl
#          ^ source.hcl.terraform meta.function-call.hcl
#           ^ source.hcl.terraform meta.function-call.hcl punctuation.section.brackets.begin.hcl
#            ^ source.hcl.terraform meta.function-call.hcl string.quoted.double.hcl punctuation.definition.string.begin.hcl
#             ^^^ source.hcl.terraform meta.function-call.hcl string.quoted.double.hcl
#                ^ source.hcl.terraform meta.function-call.hcl string.quoted.double.hcl punctuation.definition.string.end.hcl
#                 ^ source.hcl.terraform meta.function-call.hcl punctuation.separator.hcl
#                  ^ source.hcl.terraform meta.function-call.hcl
#                   ^ source.hcl.terraform meta.function-call.hcl string.quoted.double.hcl punctuation.definition.string.begin.hcl
#                    ^^^ source.hcl.terraform meta.function-call.hcl string.quoted.double.hcl
#                       ^ source.hcl.terraform meta.function-call.hcl string.quoted.double.hcl punctuation.definition.string.end.hcl
#                        ^ source.hcl.terraform meta.function-call.hcl punctuation.separator.hcl
#                         ^ source.hcl.terraform meta.function-call.hcl
#                          ^ source.hcl.terraform meta.function-call.hcl string.quoted.double.hcl punctuation.definition.string.begin.hcl
#                           ^^^ source.hcl.terraform meta.function-call.hcl string.quoted.double.hcl
#                              ^ source.hcl.terraform meta.function-call.hcl string.quoted.double.hcl punctuation.definition.string.end.hcl
#                               ^ source.hcl.terraform meta.function-call.hcl punctuation.section.brackets.end.hcl
#                                ^ source.hcl.terraform meta.function-call.hcl punctuation.section.parens.end.hcl
>lower("HELLO")
#^^^^^ source.hcl.terraform meta.function-call.hcl support.function.builtin.terraform
#     ^ source.hcl.terraform meta.function-call.hcl punctuation.section.parens.begin.hcl
#      ^ source.hcl.terraform meta.function-call.hcl string.quoted.double.hcl punctuation.definition.string.begin.hcl
#       ^^^^^ source.hcl.terraform meta.function-call.hcl string.quoted.double.hcl
#            ^ source.hcl.terraform meta.function-call.hcl string.quoted.double.hcl punctuation.definition.string.end.hcl
#             ^ source.hcl.terraform meta.function-call.hcl punctuation.section.parens.end.hcl
>regex("[a-z]+", "53453453.345345aaabbbccc23454")
#^^^^^ source.hcl.terraform meta.function-call.hcl support.function.builtin.terraform
#     ^ source.hcl.terraform meta.function-call.hcl punctuation.section.parens.begin.hcl
#      ^ source.hcl.terraform meta.function-call.hcl string.quoted.double.hcl punctuation.definition.string.begin.hcl
#       ^^^^^^ source.hcl.terraform meta.function-call.hcl string.quoted.double.hcl
#             ^ source.hcl.terraform meta.function-call.hcl string.quoted.double.hcl punctuation.definition.string.end.hcl
#              ^ source.hcl.terraform meta.function-call.hcl punctuation.separator.hcl
#               ^ source.hcl.terraform meta.function-call.hcl
#                ^ source.hcl.terraform meta.function-call.hcl string.quoted.double.hcl punctuation.definition.string.begin.hcl
#                 ^^^^^^^^^^^^^^^^^^^^^^^^^^^^^ source.hcl.terraform meta.function-call.hcl string.quoted.double.hcl
#                                              ^ source.hcl.terraform meta.function-call.hcl string.quoted.double.hcl punctuation.definition.string.end.hcl
#                                               ^ source.hcl.terraform meta.function-call.hcl punctuation.section.parens.end.hcl
>regexall("[a-z]+", "1234abcd5678efgh9")
#^^^^^^^^ source.hcl.terraform meta.function-call.hcl support.function.builtin.terraform
#        ^ source.hcl.terraform meta.function-call.hcl punctuation.section.parens.begin.hcl
#         ^ source.hcl.terraform meta.function-call.hcl string.quoted.double.hcl punctuation.definition.string.begin.hcl
#          ^^^^^^ source.hcl.terraform meta.function-call.hcl string.quoted.double.hcl
#                ^ source.hcl.terraform meta.function-call.hcl string.quoted.double.hcl punctuation.definition.string.end.hcl
#                 ^ source.hcl.terraform meta.function-call.hcl punctuation.separator.hcl
#                  ^ source.hcl.terraform meta.function-call.hcl
#                   ^ source.hcl.terraform meta.function-call.hcl string.quoted.double.hcl punctuation.definition.string.begin.hcl
#                    ^^^^^^^^^^^^^^^^^ source.hcl.terraform meta.function-call.hcl string.quoted.double.hcl
#                                     ^ source.hcl.terraform meta.function-call.hcl string.quoted.double.hcl punctuation.definition.string.end.hcl
#                                      ^ source.hcl.terraform meta.function-call.hcl punctuation.section.parens.end.hcl
>replace("1 + 2 + 3", "+", "-")
#^^^^^^^ source.hcl.terraform meta.function-call.hcl support.function.builtin.terraform
#       ^ source.hcl.terraform meta.function-call.hcl punctuation.section.parens.begin.hcl
#        ^ source.hcl.terraform meta.function-call.hcl string.quoted.double.hcl punctuation.definition.string.begin.hcl
#         ^^^^^^^^^ source.hcl.terraform meta.function-call.hcl string.quoted.double.hcl
#                  ^ source.hcl.terraform meta.function-call.hcl string.quoted.double.hcl punctuation.definition.string.end.hcl
#                   ^ source.hcl.terraform meta.function-call.hcl punctuation.separator.hcl
#                    ^ source.hcl.terraform meta.function-call.hcl
#                     ^ source.hcl.terraform meta.function-call.hcl string.quoted.double.hcl punctuation.definition.string.begin.hcl
#                      ^ source.hcl.terraform meta.function-call.hcl string.quoted.double.hcl
#                       ^ source.hcl.terraform meta.function-call.hcl string.quoted.double.hcl punctuation.definition.string.end.hcl
#                        ^ source.hcl.terraform meta.function-call.hcl punctuation.separator.hcl
#                         ^ source.hcl.terraform meta.function-call.hcl
#                          ^ source.hcl.terraform meta.function-call.hcl string.quoted.double.hcl punctuation.definition.string.begin.hcl
#                           ^ source.hcl.terraform meta.function-call.hcl string.quoted.double.hcl
#                            ^ source.hcl.terraform meta.function-call.hcl string.quoted.double.hcl punctuation.definition.string.end.hcl
#                             ^ source.hcl.terraform meta.function-call.hcl punctuation.section.parens.end.hcl
>split(",", "foo,bar,baz")
#^^^^^ source.hcl.terraform meta.function-call.hcl support.function.builtin.terraform
#     ^ source.hcl.terraform meta.function-call.hcl punctuation.section.parens.begin.hcl
#      ^ source.hcl.terraform meta.function-call.hcl string.quoted.double.hcl punctuation.definition.string.begin.hcl
#       ^ source.hcl.terraform meta.function-call.hcl string.quoted.double.hcl
#        ^ source.hcl.terraform meta.function-call.hcl string.quoted.double.hcl punctuation.definition.string.end.hcl
#         ^ source.hcl.terraform meta.function-call.hcl punctuation.separator.hcl
#          ^ source.hcl.terraform meta.function-call.hcl
#           ^ source.hcl.terraform meta.function-call.hcl string.quoted.double.hcl punctuation.definition.string.begin.hcl
#            ^^^^^^^^^^^ source.hcl.terraform meta.function-call.hcl string.quoted.double.hcl
#                       ^ source.hcl.terraform meta.function-call.hcl string.quoted.double.hcl punctuation.definition.string.end.hcl
#                        ^ source.hcl.terraform meta.function-call.hcl punctuation.section.parens.end.hcl
>strrev("hello")
#^^^^^^ source.hcl.terraform meta.function-call.hcl support.function.builtin.terraform
#      ^ source.hcl.terraform meta.function-call.hcl punctuation.section.parens.begin.hcl
#       ^ source.hcl.terraform meta.function-call.hcl string.quoted.double.hcl punctuation.definition.string.begin.hcl
#        ^^^^^ source.hcl.terraform meta.function-call.hcl string.quoted.double.hcl
#             ^ source.hcl.terraform meta.function-call.hcl string.quoted.double.hcl punctuation.definition.string.end.hcl
#              ^ source.hcl.terraform meta.function-call.hcl punctuation.section.parens.end.hcl
>substr("hello world", 1, 4)
#^^^^^^ source.hcl.terraform meta.function-call.hcl support.function.builtin.terraform
#      ^ source.hcl.terraform meta.function-call.hcl punctuation.section.parens.begin.hcl
#       ^ source.hcl.terraform meta.function-call.hcl string.quoted.double.hcl punctuation.definition.string.begin.hcl
#        ^^^^^^^^^^^ source.hcl.terraform meta.function-call.hcl string.quoted.double.hcl
#                   ^ source.hcl.terraform meta.function-call.hcl string.quoted.double.hcl punctuation.definition.string.end.hcl
#                    ^ source.hcl.terraform meta.function-call.hcl punctuation.separator.hcl
#                     ^ source.hcl.terraform meta.function-call.hcl
#                      ^ source.hcl.terraform meta.function-call.hcl constant.numeric.integer.hcl
#                       ^ source.hcl.terraform meta.function-call.hcl punctuation.separator.hcl
#                        ^ source.hcl.terraform meta.function-call.hcl
#                         ^ source.hcl.terraform meta.function-call.hcl constant.numeric.integer.hcl
#                          ^ source.hcl.terraform meta.function-call.hcl punctuation.section.parens.end.hcl
>title("hello world")
#^^^^^ source.hcl.terraform meta.function-call.hcl support.function.builtin.terraform
#     ^ source.hcl.terraform meta.function-call.hcl punctuation.section.parens.begin.hcl
#      ^ source.hcl.terraform meta.function-call.hcl string.quoted.double.hcl punctuation.definition.string.begin.hcl
#       ^^^^^^^^^^^ source.hcl.terraform meta.function-call.hcl string.quoted.double.hcl
#                  ^ source.hcl.terraform meta.function-call.hcl string.quoted.double.hcl punctuation.definition.string.end.hcl
#                   ^ source.hcl.terraform meta.function-call.hcl punctuation.section.parens.end.hcl
>trim("?!hello?!", "!?")
#^^^^ source.hcl.terraform meta.function-call.hcl variable.function.hcl
#    ^ source.hcl.terraform meta.function-call.hcl punctuation.section.parens.begin.hcl
#     ^ source.hcl.terraform meta.function-call.hcl string.quoted.double.hcl punctuation.definition.string.begin.hcl
#      ^^^^^^^^^ source.hcl.terraform meta.function-call.hcl string.quoted.double.hcl
#               ^ source.hcl.terraform meta.function-call.hcl string.quoted.double.hcl punctuation.definition.string.end.hcl
#                ^ source.hcl.terraform meta.function-call.hcl punctuation.separator.hcl
#                 ^ source.hcl.terraform meta.function-call.hcl
#                  ^ source.hcl.terraform meta.function-call.hcl string.quoted.double.hcl punctuation.definition.string.begin.hcl
#                   ^^ source.hcl.terraform meta.function-call.hcl string.quoted.double.hcl
#                     ^ source.hcl.terraform meta.function-call.hcl string.quoted.double.hcl punctuation.definition.string.end.hcl
#                      ^ source.hcl.terraform meta.function-call.hcl punctuation.section.parens.end.hcl
>trimprefix("helloworld", "hello")
#^^^^^^^^^^ source.hcl.terraform meta.function-call.hcl variable.function.hcl
#          ^ source.hcl.terraform meta.function-call.hcl punctuation.section.parens.begin.hcl
#           ^ source.hcl.terraform meta.function-call.hcl string.quoted.double.hcl punctuation.definition.string.begin.hcl
#            ^^^^^^^^^^ source.hcl.terraform meta.function-call.hcl string.quoted.double.hcl
#                      ^ source.hcl.terraform meta.function-call.hcl string.quoted.double.hcl punctuation.definition.string.end.hcl
#                       ^ source.hcl.terraform meta.function-call.hcl punctuation.separator.hcl
#                        ^ source.hcl.terraform meta.function-call.hcl
#                         ^ source.hcl.terraform meta.function-call.hcl string.quoted.double.hcl punctuation.definition.string.begin.hcl
#                          ^^^^^ source.hcl.terraform meta.function-call.hcl string.quoted.double.hcl
#                               ^ source.hcl.terraform meta.function-call.hcl string.quoted.double.hcl punctuation.definition.string.end.hcl
#                                ^ source.hcl.terraform meta.function-call.hcl punctuation.section.parens.end.hcl
>trimsuffix("helloworld", "world")
#^^^^^^^^^^ source.hcl.terraform meta.function-call.hcl variable.function.hcl
#          ^ source.hcl.terraform meta.function-call.hcl punctuation.section.parens.begin.hcl
#           ^ source.hcl.terraform meta.function-call.hcl string.quoted.double.hcl punctuation.definition.string.begin.hcl
#            ^^^^^^^^^^ source.hcl.terraform meta.function-call.hcl string.quoted.double.hcl
#                      ^ source.hcl.terraform meta.function-call.hcl string.quoted.double.hcl punctuation.definition.string.end.hcl
#                       ^ source.hcl.terraform meta.function-call.hcl punctuation.separator.hcl
#                        ^ source.hcl.terraform meta.function-call.hcl
#                         ^ source.hcl.terraform meta.function-call.hcl string.quoted.double.hcl punctuation.definition.string.begin.hcl
#                          ^^^^^ source.hcl.terraform meta.function-call.hcl string.quoted.double.hcl
#                               ^ source.hcl.terraform meta.function-call.hcl string.quoted.double.hcl punctuation.definition.string.end.hcl
#                                ^ source.hcl.terraform meta.function-call.hcl punctuation.section.parens.end.hcl
>trimspace("  hello\n\n")
#^^^^^^^^^ source.hcl.terraform meta.function-call.hcl support.function.builtin.terraform
#         ^ source.hcl.terraform meta.function-call.hcl punctuation.section.parens.begin.hcl
#          ^ source.hcl.terraform meta.function-call.hcl string.quoted.double.hcl punctuation.definition.string.begin.hcl
#           ^^^^^^^ source.hcl.terraform meta.function-call.hcl string.quoted.double.hcl
#                  ^^ source.hcl.terraform meta.function-call.hcl string.quoted.double.hcl constant.character.escape.hcl
#                    ^^ source.hcl.terraform meta.function-call.hcl string.quoted.double.hcl constant.character.escape.hcl
#                      ^ source.hcl.terraform meta.function-call.hcl string.quoted.double.hcl punctuation.definition.string.end.hcl
#                       ^ source.hcl.terraform meta.function-call.hcl punctuation.section.parens.end.hcl
>upper("hello")
#^^^^^ source.hcl.terraform meta.function-call.hcl support.function.builtin.terraform
#     ^ source.hcl.terraform meta.function-call.hcl punctuation.section.parens.begin.hcl
#      ^ source.hcl.terraform meta.function-call.hcl string.quoted.double.hcl punctuation.definition.string.begin.hcl
#       ^^^^^ source.hcl.terraform meta.function-call.hcl string.quoted.double.hcl
#            ^ source.hcl.terraform meta.function-call.hcl string.quoted.double.hcl punctuation.definition.string.end.hcl
#             ^ source.hcl.terraform meta.function-call.hcl punctuation.section.parens.end.hcl
>
># known
#^ source.hcl.terraform comment.line.number-sign.hcl punctuation.definition.comment.hcl
# ^^^^^^ source.hcl.terraform comment.line.number-sign.hcl
>
>foo("bar")
#^^^ source.hcl.terraform meta.function-call.hcl variable.function.hcl
#   ^ source.hcl.terraform meta.function-call.hcl punctuation.section.parens.begin.hcl
#    ^ source.hcl.terraform meta.function-call.hcl string.quoted.double.hcl punctuation.definition.string.begin.hcl
#     ^^^ source.hcl.terraform meta.function-call.hcl string.quoted.double.hcl
#        ^ source.hcl.terraform meta.function-call.hcl string.quoted.double.hcl punctuation.definition.string.end.hcl
#         ^ source.hcl.terraform meta.function-call.hcl punctuation.section.parens.end.hcl
>