>var.a != "" ? var.a : "default-a"
#^^^ source.hcl.terraform variable.other.readwrite.terraform
#   ^ source.hcl.terraform keyword.operator.accessor.hcl
#    ^ source.hcl.terraform variable.other.member.hcl
#     ^ source.hcl.terraform
#      ^^ source.hcl.terraform keyword.operator.hcl
#        ^ source.hcl.terraform
#         ^ source.hcl.terraform string.quoted.double.hcl punctuation.definition.string.begin.hcl
#          ^ source.hcl.terraform string.quoted.double.hcl punctuation.definition.string.end.hcl
#           ^ source.hcl.terraform
#            ^ source.hcl.terraform keyword.operator.hcl
#             ^ source.hcl.terraform
#              ^^^ source.hcl.terraform variable.other.readwrite.terraform
#                 ^ source.hcl.terraform keyword.operator.accessor.hcl
#                  ^ source.hcl.terraform variable.other.member.hcl
#                   ^ source.hcl.terraform
#                    ^ source.hcl.terraform
#                     ^ source.hcl.terraform
#                      ^ source.hcl.terraform string.quoted.double.hcl punctuation.definition.string.begin.hcl
#                       ^^^^^^^^^ source.hcl.terraform string.quoted.double.hcl
#                                ^ source.hcl.terraform string.quoted.double.hcl punctuation.definition.string.end.hcl
>var.example ? tostring(12) : "hello"
#^^^ source.hcl.terraform variable.other.readwrite.terraform
#   ^ source.hcl.terraform keyword.operator.accessor.hcl
#    ^^^^^^^ source.hcl.terraform variable.other.member.hcl
#           ^ source.hcl.terraform
#            ^ source.hcl.terraform keyword.operator.hcl
#             ^ source.hcl.terraform
#              ^^^^^^^^ source.hcl.terraform meta.function-call.hcl support.function.builtin.terraform
#                      ^ source.hcl.terraform meta.function-call.hcl punctuation.section.parens.begin.hcl
#                       ^^ source.hcl.terraform meta.function-call.hcl constant.numeric.integer.hcl
#                         ^ source.hcl.terraform meta.function-call.hcl punctuation.section.parens.end.hcl
#                          ^ source.hcl.terraform
#                           ^ source.hcl.terraform
#                            ^ source.hcl.terraform
#                             ^ source.hcl.terraform string.quoted.double.hcl punctuation.definition.string.begin.hcl
#                              ^^^^^ source.hcl.terraform string.quoted.double.hcl
#                                   ^ source.hcl.terraform string.quoted.double.hcl punctuation.definition.string.end.hcl
>var.example ? 12 : "hello"
#^^^ source.hcl.terraform variable.other.readwrite.terraform
#   ^ source.hcl.terraform keyword.operator.accessor.hcl
#    ^^^^^^^ source.hcl.terraform variable.other.member.hcl
#           ^ source.hcl.terraform
#            ^ source.hcl.terraform keyword.operator.hcl
#             ^ source.hcl.terraform
#              ^^ source.hcl.terraform constant.numeric.integer.hcl
#                ^ source.hcl.terraform
#                 ^ source.hcl.terraform
#                  ^ source.hcl.terraform
#                   ^ source.hcl.terraform string.quoted.double.hcl punctuation.definition.string.begin.hcl
#                    ^^^^^ source.hcl.terraform string.quoted.double.hcl
#                         ^ source.hcl.terraform string.quoted.double.hcl punctuation.definition.string.end.hcl
>