># arithmetic
#^ source.hcl.terraform comment.line.number-sign.hcl punctuation.definition.comment.hcl
# ^^^^^^^^^^^ source.hcl.terraform comment.line.number-sign.hcl
>
>1 + 2 * 3 / 4
#^ source.hcl.terraform constant.numeric.integer.hcl
# ^ source.hcl.terraform
#  ^ source.hcl.terraform keyword.operator.arithmetic.hcl
#   ^ source.hcl.terraform
#    ^ source.hcl.terraform constant.numeric.integer.hcl
#     ^ source.hcl.terraform
#      ^ source.hcl.terraform keyword.operator.arithmetic.hcl
#       ^ source.hcl.terraform
#        ^ source.hcl.terraform constant.numeric.integer.hcl
#         ^ source.hcl.terraform
#          ^ source.hcl.terraform keyword.operator.arithmetic.hcl
#           ^ source.hcl.terraform
#            ^ source.hcl.terraform constant.numeric.integer.hcl
>
>5 % 6
#^ source.hcl.terraform constant.numeric.integer.hcl
# ^ source.hcl.terraform
#  ^ source.hcl.terraform keyword.operator.arithmetic.hcl
#   ^ source.hcl.terraform
#    ^ source.hcl.terraform constant.numeric.integer.hcl
>
>-thing
#^ source.hcl.terraform keyword.operator.arithmetic.hcl
# ^^^^^^ source.hcl.terraform
>
># equality
#^ source.hcl.terraform comment.line.number-sign.hcl punctuation.definition.comment.hcl
# ^^^^^^^^^ source.hcl.terraform comment.line.number-sign.hcl
>
>thing1 == thing2
#^^^^^^^ source.hcl.terraform
#       ^^ source.hcl.terraform keyword.operator.hcl
#         ^^^^^^^^ source.hcl.terraform
>thing1 != thing2
#^^^^^^^ source.hcl.terraform
#       ^^ source.hcl.terraform keyword.operator.hcl
#         ^^^^^^^^ source.hcl.terraform
>
># comparison
#^ source.hcl.terraform comment.line.number-sign.hcl punctuation.definition.comment.hcl
# ^^^^^^^^^^^ source.hcl.terraform comment.line.number-sign.hcl
>
>thing1 > thing2
#^^^^^^^ source.hcl.terraform
#       ^ source.hcl.terraform keyword.operator.hcl
#        ^^^^^^^^ source.hcl.terraform
>thing1 >= thing2
#^^^^^^^ source.hcl.terraform
#       ^^ source.hcl.terraform keyword.operator.hcl
#         ^^^^^^^^ source.hcl.terraform
>thing1 < thing2
#^^^^^^^ source.hcl.terraform
#       ^ source.hcl.terraform keyword.operator.hcl
#        ^^^^^^^^ source.hcl.terraform
>thing1 <= thing2
#^^^^^^^ source.hcl.terraform
#       ^^ source.hcl.terraform keyword.operator.hcl
#         ^^^^^^^^ source.hcl.terraform
>
># logical
#^ source.hcl.terraform comment.line.number-sign.hcl punctuation.definition.comment.hcl
# ^^^^^^^^ source.hcl.terraform comment.line.number-sign.hcl
>
>thing1 || thing2
#^^^^^^^ source.hcl.terraform
#       ^^ source.hcl.terraform keyword.operator.logical.hcl
#         ^^^^^^^^ source.hcl.terraform
>thing1 && thing2
#^^^^^^^ source.hcl.terraform
#       ^^ source.hcl.terraform keyword.operator.logical.hcl
#         ^^^^^^^^ source.hcl.terraform
>!thing1
#^ source.hcl.terraform keyword.operator.logical.hcl
# ^^^^^^^ source.hcl.terraform
>