>resource "thing" "name" {
#^^^^^^^^ source.hcl.terraform meta.block.hcl entity.name.type.terraform
#        ^ source.hcl.terraform meta.block.hcl
#         ^^^^^^^ source.hcl.terraform meta.block.hcl variable.other.enummember.hcl
#                ^ source.hcl.terraform meta.block.hcl
#                 ^^^^^^ source.hcl.terraform meta.block.hcl variable.other.enummember.hcl
#                       ^ source.hcl.terraform meta.block.hcl
#                        ^ source.hcl.terraform meta.block.hcl punctuation.section.block.begin.hcl
>  name = "tf-test-name"
#^^ source.hcl.terraform meta.block.hcl
#  ^^^^ source.hcl.terraform meta.block.hcl variable.declaration.hcl variable.other.readwrite.hcl
#      ^ source.hcl.terraform meta.block.hcl variable.declaration.hcl
#       ^ source.hcl.terraform meta.block.hcl variable.declaration.hcl keyword.operator.assignment.hcl
#        ^ source.hcl.terraform meta.block.hcl variable.declaration.hcl
#         ^ source.hcl.terraform meta.block.hcl string.quoted.double.hcl punctuation.definition.string.begin.hcl
#          ^^^^^^^^^^^^ source.hcl.terraform meta.block.hcl string.quoted.double.hcl
#                      ^ source.hcl.terraform meta.block.hcl string.quoted.double.hcl punctuation.definition.string.end.hcl
>
>  dynamic "setting" {
#^^ source.hcl.terraform meta.block.hcl
#  ^^^^^^^ source.hcl.terraform meta.block.hcl meta.block.hcl entity.name.type.hcl
#         ^ source.hcl.terraform meta.block.hcl meta.block.hcl
#          ^^^^^^^^^ source.hcl.terraform meta.block.hcl meta.block.hcl variable.other.enummember.hcl
#                   ^ source.hcl.terraform meta.block.hcl meta.block.hcl
#                    ^ source.hcl.terraform meta.block.hcl meta.block.hcl punctuation.section.block.begin.hcl
>    for_each = var.settings
#^^^^ source.hcl.terraform meta.block.hcl meta.block.hcl
#    ^^^^^^^^ source.hcl.terraform meta.block.hcl meta.block.hcl variable.declaration.hcl variable.other.readwrite.hcl
#            ^ source.hcl.terraform meta.block.hcl meta.block.hcl variable.declaration.hcl
#             ^ source.hcl.terraform meta.block.hcl meta.block.hcl variable.declaration.hcl keyword.operator.assignment.hcl
#              ^ source.hcl.terraform meta.block.hcl meta.block.hcl variable.declaration.hcl
#               ^^^ source.hcl.terraform meta.block.hcl meta.block.hcl support.constant.terraform
#                  ^ source.hcl.terraform meta.block.hcl meta.block.hcl keyword.operator.accessor.hcl
#                   ^^^^^^^^ source.hcl.terraform meta.block.hcl meta.block.hcl variable.other.member.hcl
>    content {
#^^^^ source.hcl.terraform meta.block.hcl meta.block.hcl
#    ^^^^^^^ source.hcl.terraform meta.block.hcl meta.block.hcl meta.block.hcl entity.name.type.hcl
#           ^ source.hcl.terraform meta.block.hcl meta.block.hcl meta.block.hcl
#            ^ source.hcl.terraform meta.block.hcl meta.block.hcl meta.block.hcl punctuation.section.block.begin.hcl
>      namespace = setting.value["namespace"]
#^^^^^^ source.hcl.terraform meta.block.hcl meta.block.hcl meta.block.hcl
#      ^^^^^^^^^ source.hcl.terraform meta.block.hcl meta.block.hcl meta.block.hcl variable.declaration.hcl variable.other.readwrite.hcl
#               ^ source.hcl.terraform meta.block.hcl meta.block.hcl meta.block.hcl variable.declaration.hcl
#                ^ source.hcl.terraform meta.block.hcl meta.block.hcl meta.block.hcl variable.declaration.hcl keyword.operator.assignment.hcl
#                 ^ source.hcl.terraform meta.block.hcl meta.block.hcl meta.block.hcl variable.declaration.hcl
#                  ^^^^^^^ source.hcl.terraform meta.block.hcl meta.block.hcl meta.block.hcl
#                         ^ source.hcl.terraform meta.block.hcl meta.block.hcl meta.block.hcl keyword.operator.accessor.hcl
#                          ^^^^^ source.hcl.terraform meta.block.hcl meta.block.hcl meta.block.hcl variable.other.member.hcl
#                               ^ source.hcl.terraform meta.block.hcl meta.block.hcl meta.block.hcl punctuation.section.brackets.begin.hcl
#                                ^ source.hcl.terraform meta.block.hcl meta.block.hcl meta.block.hcl string.quoted.double.hcl punctuation.definition.string.begin.hcl
#                                 ^^^^^^^^^ source.hcl.terraform meta.block.hcl meta.block.hcl meta.block.hcl string.quoted.double.hcl
#                                          ^ source.hcl.terraform meta.block.hcl meta.block.hcl meta.block.hcl string.quoted.double.hcl punctuation.definition.string.end.hcl
#                                           ^ source.hcl.terraform meta.block.hcl meta.block.hcl meta.block.hcl punctuation.section.brackets.end.hcl
>      name = setting.value["name"]
#^^^^^^ source.hcl.terraform meta.block.hcl meta.block.hcl meta.block.hcl
#      ^^^^ source.hcl.terraform meta.block.hcl meta.block.hcl meta.block.hcl variable.declaration.hcl variable.other.readwrite.hcl
#          ^ source.hcl.terraform meta.block.hcl meta.block.hcl meta.block.hcl variable.declaration.hcl
#           ^ source.hcl.terraform meta.block.hcl meta.block.hcl meta.block.hcl variable.declaration.hcl keyword.operator.assignment.hcl
#            ^ source.hcl.terraform meta.block.hcl meta.block.hcl meta.block.hcl variable.declaration.hcl
#             ^^^^^^^ source.hcl.terraform meta.block.hcl meta.block.hcl meta.block.hcl
#                    ^ source.hcl.terraform meta.block.hcl meta.block.hcl meta.block.hcl keyword.operator.accessor.hcl
#                     ^^^^^ source.hcl.terraform meta.block.hcl meta.block.hcl meta.block.hcl variable.other.member.hcl
#                          ^ source.hcl.terraform meta.block.hcl meta.block.hcl meta.block.hcl punctuation.section.brackets.begin.hcl
#                           ^ source.hcl.terraform meta.block.hcl meta.block.hcl meta.block.hcl string.quoted.double.hcl punctuation.definition.string.begin.hcl
#                            ^^^^ source.hcl.terraform meta.block.hcl meta.block.hcl meta.block.hcl string.quoted.double.hcl
#                                ^ source.hcl.terraform meta.block.hcl meta.block.hcl meta.block.hcl string.quoted.double.hcl punctuation.definition.string.end.hcl
#                                 ^ source.hcl.terraform meta.block.hcl meta.block.hcl meta.block.hcl punctuation.section.brackets.end.hcl
>      value = setting.value["value"]
#^^^^^^ source.hcl.terraform meta.block.hcl meta.block.hcl meta.block.hcl
#      ^^^^^ source.hcl.terraform meta.block.hcl meta.block.hcl meta.block.hcl variable.declaration.hcl variable.other.readwrite.hcl
#           ^ source.hcl.terraform meta.block.hcl meta.block.hcl meta.block.hcl variable.declaration.hcl
#            ^ source.hcl.terraform meta.block.hcl meta.block.hcl meta.block.hcl variable.declaration.hcl keyword.operator.assignment.hcl
#             ^ source.hcl.terraform meta.block.hcl meta.block.hcl meta.block.hcl variable.declaration.hcl
#              ^^^^^^^ source.hcl.terraform meta.block.hcl meta.block.hcl meta.block.hcl
#                     ^ source.hcl.terraform meta.block.hcl meta.block.hcl meta.block.hcl keyword.operator.accessor.hcl
#                      ^^^^^ source.hcl.terraform meta.block.hcl meta.block.hcl meta.block.hcl variable.other.member.hcl
#                           ^ source.hcl.terraform meta.block.hcl meta.block.hcl meta.block.hcl punctuation.section.brackets.begin.hcl
#                            ^ source.hcl.terraform meta.block.hcl meta.block.hcl meta.block.hcl string.quoted.double.hcl punctuation.definition.string.begin.hcl
#                             ^^^^^ source.hcl.terraform meta.block.hcl meta.block.hcl meta.block.hcl string.quoted.double.hcl
#                                  ^ source.hcl.terraform meta.block.hcl meta.block.hcl meta.block.hcl string.quoted.double.hcl punctuation.definition.string.end.hcl
#                                   ^ source.hcl.terraform meta.block.hcl meta.block.hcl meta.block.hcl punctuation.section.brackets.end.hcl
>    }
#^^^^ source.hcl.terraform meta.block.hcl meta.block.hcl meta.block.hcl
#    ^ source.hcl.terraform meta.block.hcl meta.block.hcl meta.block.hcl punctuation.section.block.end.hcl
>  }
#^^ source.hcl.terraform meta.block.hcl meta.block.hcl
#  ^ source.hcl.terraform meta.block.hcl meta.block.hcl punctuation.section.block.end.hcl
>
>  dynamic "origin_group" {
#^^ source.hcl.terraform meta.block.hcl
#  ^^^^^^^ source.hcl.terraform meta.block.hcl meta.block.hcl entity.name.type.hcl
#         ^ source.hcl.terraform meta.block.hcl meta.block.hcl
#          ^^^^^^^^^^^^^^ source.hcl.terraform meta.block.hcl meta.block.hcl variable.other.enummember.hcl
#                        ^ source.hcl.terraform meta.block.hcl meta.block.hcl
#                         ^ source.hcl.terraform meta.block.hcl meta.block.hcl punctuation.section.block.begin.hcl
>    for_each = var.load_balancer_origin_groups
#^^^^ source.hcl.terraform meta.block.hcl meta.block.hcl
#    ^^^^^^^^ source.hcl.terraform meta.block.hcl meta.block.hcl variable.declaration.hcl variable.other.readwrite.hcl
#            ^ source.hcl.terraform meta.block.hcl meta.block.hcl variable.declaration.hcl
#             ^ source.hcl.terraform meta.block.hcl meta.block.hcl variable.declaration.hcl keyword.operator.assignment.hcl
#              ^ source.hcl.terraform meta.block.hcl meta.block.hcl variable.declaration.hcl
#               ^^^ source.hcl.terraform meta.block.hcl meta.block.hcl support.constant.terraform
#                  ^ source.hcl.terraform meta.block.hcl meta.block.hcl keyword.operator.accessor.hcl
#                   ^^^^^^^^^^^^^^^^^^^^^^^^^^^ source.hcl.terraform meta.block.hcl meta.block.hcl variable.other.member.hcl
>    content {
#^^^^ source.hcl.terraform meta.block.hcl meta.block.hcl
#    ^^^^^^^ source.hcl.terraform meta.block.hcl meta.block.hcl meta.block.hcl entity.name.type.hcl
#           ^ source.hcl.terraform meta.block.hcl meta.block.hcl meta.block.hcl
#            ^ source.hcl.terraform meta.block.hcl meta.block.hcl meta.block.hcl punctuation.section.block.begin.hcl
>      name = origin_group.key
#^^^^^^ source.hcl.terraform meta.block.hcl meta.block.hcl meta.block.hcl
#      ^^^^ source.hcl.terraform meta.block.hcl meta.block.hcl meta.block.hcl variable.declaration.hcl variable.other.readwrite.hcl
#          ^ source.hcl.terraform meta.block.hcl meta.block.hcl meta.block.hcl variable.declaration.hcl
#           ^ source.hcl.terraform meta.block.hcl meta.block.hcl meta.block.hcl variable.declaration.hcl keyword.operator.assignment.hcl
#            ^ source.hcl.terraform meta.block.hcl meta.block.hcl meta.block.hcl variable.declaration.hcl
#             ^^^^^^^^^^^^ source.hcl.terraform meta.block.hcl meta.block.hcl meta.block.hcl
#                         ^ source.hcl.terraform meta.block.hcl meta.block.hcl meta.block.hcl keyword.operator.accessor.hcl
#                          ^^^ source.hcl.terraform meta.block.hcl meta.block.hcl meta.block.hcl variable.other.member.hcl
>
>      dynamic "origin" {
#^^^^^^ source.hcl.terraform meta.block.hcl meta.block.hcl meta.block.hcl
#      ^^^^^^^ source.hcl.terraform meta.block.hcl meta.block.hcl meta.block.hcl meta.block.hcl entity.name.type.hcl
#             ^ source.hcl.terraform meta.block.hcl meta.block.hcl meta.block.hcl meta.block.hcl
#              ^^^^^^^^ source.hcl.terraform meta.block.hcl meta.block.hcl meta.block.hcl meta.block.hcl variable.other.enummember.hcl
#                      ^ source.hcl.terraform meta.block.hcl meta.block.hcl meta.block.hcl meta.block.hcl
#                       ^ source.hcl.terraform meta.block.hcl meta.block.hcl meta.block.hcl meta.block.hcl punctuation.section.block.begin.hcl
>        for_each = origin_group.value.origins
#^^^^^^^^ source.hcl.terraform meta.block.hcl meta.block.hcl meta.block.hcl meta.block.hcl
#        ^^^^^^^^ source.hcl.terraform meta.block.hcl meta.block.hcl meta.block.hcl meta.block.hcl variable.declaration.hcl variable.other.readwrite.hcl
#                ^ source.hcl.terraform meta.block.hcl meta.block.hcl meta.block.hcl meta.block.hcl variable.declaration.hcl
#                 ^ source.hcl.terraform meta.block.hcl meta.block.hcl meta.block.hcl meta.block.hcl variable.declaration.hcl keyword.operator.assignment.hcl
#                  ^ source.hcl.terraform meta.block.hcl meta.block.hcl meta.block.hcl meta.block.hcl variable.declaration.hcl
#                   ^^^^^^^^^^^^ source.hcl.terraform meta.block.hcl meta.block.hcl meta.block.hcl meta.block.hcl
#                               ^ source.hcl.terraform meta.block.hcl meta.block.hcl meta.block.hcl meta.block.hcl keyword.operator.accessor.hcl
#                                ^^^^^ source.hcl.terraform meta.block.hcl meta.block.hcl meta.block.hcl meta.block.hcl variable.other.member.hcl
#                                     ^ source.hcl.terraform meta.block.hcl meta.block.hcl meta.block.hcl meta.block.hcl keyword.operator.accessor.hcl
#                                      ^^^^^^^ source.hcl.terraform meta.block.hcl meta.block.hcl meta.block.hcl meta.block.hcl variable.other.member.hcl
>        content {
#^^^^^^^^ source.hcl.terraform meta.block.hcl meta.block.hcl meta.block.hcl meta.block.hcl
#        ^^^^^^^ source.hcl.terraform meta.block.hcl meta.block.hcl meta.block.hcl meta.block.hcl meta.block.hcl entity.name.type.hcl
#               ^ source.hcl.terraform meta.block.hcl meta.block.hcl meta.block.hcl meta.block.hcl meta.block.hcl
#                ^ source.hcl.terraform meta.block.hcl meta.block.hcl meta.block.hcl meta.block.hcl meta.block.hcl punctuation.section.block.begin.hcl
>          hostname = origin.value.hostname
#^^^^^^^^^^ source.hcl.terraform meta.block.hcl meta.block.hcl meta.block.hcl meta.block.hcl meta.block.hcl
#          ^^^^^^^^ source.hcl.terraform meta.block.hcl meta.block.hcl meta.block.hcl meta.block.hcl meta.block.hcl variable.declaration.hcl variable.other.readwrite.hcl
#                  ^ source.hcl.terraform meta.block.hcl meta.block.hcl meta.block.hcl meta.block.hcl meta.block.hcl variable.declaration.hcl
#                   ^ source.hcl.terraform meta.block.hcl meta.block.hcl meta.block.hcl meta.block.hcl meta.block.hcl variable.declaration.hcl keyword.operator.assignment.hcl
#                    ^ source.hcl.terraform meta.block.hcl meta.block.hcl meta.block.hcl meta.block.hcl meta.block.hcl variable.declaration.hcl
#                     ^^^^^^ source.hcl.terraform meta.block.hcl meta.block.hcl meta.block.hcl meta.block.hcl meta.block.hcl
#                           ^ source.hcl.terraform meta.block.hcl meta.block.hcl meta.block.hcl meta.block.hcl meta.block.hcl keyword.operator.accessor.hcl
#                            ^^^^^ source.hcl.terraform meta.block.hcl meta.block.hcl meta.block.hcl meta.block.hcl meta.block.hcl variable.other.member.hcl
#                                 ^ source.hcl.terraform meta.block.hcl meta.block.hcl meta.block.hcl meta.block.hcl meta.block.hcl keyword.operator.accessor.hcl
#                                  ^^^^^^^^ source.hcl.terraform meta.block.hcl meta.block.hcl meta.block.hcl meta.block.hcl meta.block.hcl variable.other.member.hcl
>        }
#^^^^^^^^ source.hcl.terraform meta.block.hcl meta.block.hcl meta.block.hcl meta.block.hcl meta.block.hcl
#        ^ source.hcl.terraform meta.block.hcl meta.block.hcl meta.block.hcl meta.block.hcl meta.block.hcl punctuation.section.block.end.hcl
>      }
#^^^^^^ source.hcl.terraform meta.block.hcl meta.block.hcl meta.block.hcl meta.block.hcl
#      ^ source.hcl.terraform meta.block.hcl meta.block.hcl meta.block.hcl meta.block.hcl punctuation.section.block.end.hcl
>    }
#^^^^ source.hcl.terraform meta.block.hcl meta.block.hcl meta.block.hcl
#    ^ source.hcl.terraform meta.block.hcl meta.block.hcl meta.block.hcl punctuation.section.block.end.hcl
>  }
#^^ source.hcl.terraform meta.block.hcl meta.block.hcl
#  ^ source.hcl.terraform meta.block.hcl meta.block.hcl punctuation.section.block.end.hcl
>}
#^ source.hcl.terraform meta.block.hcl punctuation.section.block.end.hcl
>